INFO 2026-07-05 19:40:09,546 adapters 379912 276740 Applied monkey patch to DefaultSocialAccountAdapter.get_app
INFO 2026-07-05 19:40:09,547 adapters 379912 276740 Replaced SocialApp.objects with SafeSocialAppManager
INFO 2026-07-05 19:40:09,547 adapters 379912 276740 [ORM Patch] Applied patch to QuerySet.get()
WARNING 2026-07-05 19:40:09,908 posthog 379912 276740 PostHog not installed - analytics will be disabled
INFO 2026-07-05 19:40:12,957 service 379912 276740 [PAYMENT] Created | Order: 1 | User: 1 | Provider: bereke | Amount: 10000 KZT
WARNING 2026-07-05 19:40:13,065 log 379912 276740 Bad Request: /api/payments/create/
WARNING 2026-07-05 19:40:13,065 log 379912 276740 Bad Request: /api/payments/create/
ERROR 2026-07-05 19:40:13,419 views 379912 276740 Error getting order status: No Order matches the given query.
WARNING 2026-07-05 19:40:13,420 log 379912 276740 Not Found: /api/payments/orders/1/
WARNING 2026-07-05 19:40:13,420 log 379912 276740 Not Found: /api/payments/orders/1/
INFO 2026-07-05 19:40:13,659 signals 379912 276740 [SIGNAL] Payment completed, sending receipt email for transaction 1
INFO 2026-07-05 19:40:13,659 emails 379912 276740 [EMAIL] Sending payment receipt to test@example.com for order 1
INFO 2026-07-05 19:40:14,140 signals 379912 276740 [SIGNAL] Payment completed, sending receipt email for transaction 1
INFO 2026-07-05 19:40:14,140 emails 379912 276740 [EMAIL] Sending payment receipt to test@example.com for order 1
WARNING 2026-07-05 19:40:14,146 log 379912 276740 Forbidden: /api/payments/transactions/TXN-004/refund
WARNING 2026-07-05 19:40:14,146 log 379912 276740 Forbidden: /api/payments/transactions/TXN-004/refund
WARNING 2026-07-05 19:40:14,247 bereke 379912 276740 BEREKE_API_KEY not configured - using mock mode
WARNING 2026-07-05 19:40:14,247 bereke 379912 276740 BEREKE_API_SECRET not configured - skipping signature validation
ERROR 2026-07-05 19:40:14,247 views 379912 276740 Invalid JSON in Bereke webhook
WARNING 2026-07-05 19:40:14,346 bereke 379912 276740 BEREKE_API_KEY not configured - using mock mode
WARNING 2026-07-05 19:40:14,346 bereke 379912 276740 BEREKE_API_SECRET not configured - skipping signature validation
ERROR 2026-07-05 19:40:14,347 views 379912 276740 Transaction not found in webhook: TXN-999
WARNING 2026-07-05 19:40:14,446 paypal 379912 276740 PayPal credentials not configured - using mock mode
WARNING 2026-07-05 19:40:14,446 paypal 379912 276740 PAYPAL_WEBHOOK_ID not configured - skipping signature validation
INFO 2026-07-05 19:40:14,447 signals 379912 276740 [SIGNAL] Payment completed, sending receipt email for transaction 1
INFO 2026-07-05 19:40:14,448 emails 379912 276740 [EMAIL] Sending payment receipt to test@example.com for order 1
INFO 2026-07-05 19:40:14,470 views 379912 276740 [WEBHOOK] PayPal order completed: PAYPAL-ORDER-001
INFO 2026-07-05 19:40:14,966 signals 379912 276740 [SIGNAL] Payment failed, sending error notification for transaction 1
INFO 2026-07-05 19:40:14,967 emails 379912 276740 [EMAIL] Sending error notification to test@example.com for order 1
INFO 2026-07-05 19:40:15,065 signals 379912 276740 [SIGNAL] Payment failed, sending error notification for transaction 1
INFO 2026-07-05 19:40:15,065 emails 379912 276740 [EMAIL] Sending error notification to test@example.com for order 1
INFO 2026-07-05 19:40:15,162 signals 379912 276740 [SIGNAL] Payment failed, sending error notification for transaction 1
INFO 2026-07-05 19:40:15,162 emails 379912 276740 [EMAIL] Sending error notification to test@example.com for order 1
INFO 2026-07-05 19:40:15,794 signals 379912 276740 [SIGNAL] Payment completed, sending receipt email for transaction 1
INFO 2026-07-05 19:40:15,794 emails 379912 276740 [EMAIL] Sending payment receipt to test@example.com for order 1
INFO 2026-07-05 19:40:15,892 signals 379912 276740 [SIGNAL] Payment completed, sending receipt email for transaction 1
INFO 2026-07-05 19:40:15,892 emails 379912 276740 [EMAIL] Sending payment receipt to test@example.com for order 1
INFO 2026-07-05 19:40:15,988 signals 379912 276740 [SIGNAL] Payment completed, sending receipt email for transaction 1
INFO 2026-07-05 19:40:15,988 emails 379912 276740 [EMAIL] Sending payment receipt to test@example.com for order 1
INFO 2026-07-05 19:40:16,263 signals 379912 276740 [SIGNAL] Payment failed, sending error notification for transaction 1
INFO 2026-07-05 19:40:16,263 emails 379912 276740 [EMAIL] Sending error notification to test@example.com for order 1
INFO 2026-07-05 19:40:16,266 signals 379912 276740 [SIGNAL] Payment completed, sending receipt email for transaction 2
INFO 2026-07-05 19:40:16,267 emails 379912 276740 [EMAIL] Sending payment receipt to test@example.com for order 1
INFO 2026-07-05 19:40:16,317 signals 379912 276740 [SIGNAL] Payment failed, sending error notification for transaction 1
INFO 2026-07-05 19:40:16,317 emails 379912 276740 [EMAIL] Sending error notification to test@example.com for order 1
INFO 2026-07-05 19:40:16,405 views 379912 276740 Skip welcome email task dispatch in local/test mode.
INFO 2026-07-05 19:40:16,405 views 379912 276740 Skip welcome email task dispatch in local/test mode.
INFO 2026-07-05 19:40:16,457 views 379912 276740 Skip welcome email task dispatch in local/test mode.
INFO 2026-07-05 19:40:16,457 views 379912 276740 Skip welcome email task dispatch in local/test mode.
WARNING 2026-07-05 19:40:16,507 embed_video_tags 379912 276740 Backend wasn't recognised (``)
WARNING 2026-07-05 19:40:17,052 log 379912 276740 Too Many Requests: /login/
WARNING 2026-07-05 19:40:17,052 log 379912 276740 Too Many Requests: /login/
WARNING 2026-07-05 19:40:17,080 log 379912 276740 Not Found: /accounts/accounts/google/login/
WARNING 2026-07-05 19:40:17,080 log 379912 276740 Not Found: /accounts/accounts/google/login/
WARNING 2026-07-05 19:40:17,566 views 379912 276740 Доступ запрещен: oauth_test_user
WARNING 2026-07-05 19:40:17,566 views 379912 276740 Доступ запрещен: oauth_test_user
WARNING 2026-07-05 19:40:17,567 log 379912 276740 Forbidden (Permission denied): /accounts/job/create/
Traceback (most recent call last):
  File "C:\Users\Altyn\Documents\GitHub\Simulator backend\-\.venv\Lib\site-packages\django\core\handlers\exception.py", line 55, in inner
    response = get_response(request)
  File "C:\Users\Altyn\Documents\GitHub\Simulator backend\-\.venv\Lib\site-packages\django\core\handlers\base.py", line 197, in _get_response
    response = wrapped_callback(request, *callback_args, **callback_kwargs)
  File "C:\Users\Altyn\Documents\GitHub\Simulator backend\-\.venv\Lib\site-packages\django\contrib\auth\decorators.py", line 59, in _view_wrapper
    return view_func(request, *args, **kwargs)
  File "C:\Users\Altyn\Documents\GitHub\Simulator backend\-\classes-main\accounts\views.py", line 37, in _wrapped_view
    raise PermissionDenied
django.core.exceptions.PermissionDenied
WARNING 2026-07-05 19:40:17,567 log 379912 276740 Forbidden (Permission denied): /accounts/job/create/
Traceback (most recent call last):
  File "C:\Users\Altyn\Documents\GitHub\Simulator backend\-\.venv\Lib\site-packages\django\core\handlers\exception.py", line 55, in inner
    response = get_response(request)
  File "C:\Users\Altyn\Documents\GitHub\Simulator backend\-\.venv\Lib\site-packages\django\core\handlers\base.py", line 197, in _get_response
    response = wrapped_callback(request, *callback_args, **callback_kwargs)
  File "C:\Users\Altyn\Documents\GitHub\Simulator backend\-\.venv\Lib\site-packages\django\contrib\auth\decorators.py", line 59, in _view_wrapper
    return view_func(request, *args, **kwargs)
  File "C:\Users\Altyn\Documents\GitHub\Simulator backend\-\classes-main\accounts\views.py", line 37, in _wrapped_view
    raise PermissionDenied
django.core.exceptions.PermissionDenied
INFO 2026-07-05 19:40:18,653 views 379912 276740 Skip welcome email task dispatch in local/test mode.
INFO 2026-07-05 19:40:18,653 views 379912 276740 Skip welcome email task dispatch in local/test mode.
WARNING 2026-07-05 19:40:19,072 bereke 379912 276740 BEREKE_API_KEY not configured - using mock mode
INFO 2026-07-05 19:40:19,073 bereke 379912 276740 [BEREKE] Mock payment request | Order: ORD-001 | Amount: 10000 KZT
WARNING 2026-07-05 19:40:19,075 bereke 379912 276740 BEREKE_API_KEY not configured - using mock mode
WARNING 2026-07-05 19:40:19,077 bereke 379912 276740 BEREKE_API_KEY not configured - using mock mode
WARNING 2026-07-05 19:40:19,077 bereke 379912 276740 BEREKE_API_KEY not configured - using mock mode
WARNING 2026-07-05 19:40:19,077 bereke 379912 276740 BEREKE_API_SECRET not configured - skipping signature validation
WARNING 2026-07-05 19:40:19,080 paypal 379912 276740 PayPal credentials not configured - using mock mode
INFO 2026-07-05 19:40:19,081 paypal 379912 276740 [PAYPAL] Creating payment | Order: ORD-002 | Amount: 100.0 KZT | Sandbox: True
WARNING 2026-07-05 19:40:19,085 paypal 379912 276740 PayPal credentials not configured - using mock mode
INFO 2026-07-05 19:40:19,152 service 379912 276740 [PAYMENT] Created | Order: 1 | User: 1 | Provider: bereke | Amount: 10000 KZT
INFO 2026-07-05 19:40:19,206 service 379912 276740 [PAYMENT] Created | Order: 1 | User: 1 | Provider: bereke | Amount: 10000 KZT
INFO 2026-07-05 19:40:19,207 service 379912 276740 [PAYMENT] Duplicate detected | User: 1 | Idempotency: 1476ebc5d5e1c6ff8e7cfb01bc8458c2df94121777aca4856c4cd052da249e7c
WARNING 2026-07-05 19:40:19,364 adapters 379912 276740 [PATCHED] Multiple SocialApp entries found for google. Using fallback logic.
INFO 2026-07-05 19:40:19,365 adapters 379912 276740 [PATCHED] Using SocialApp 1 for provider google
WARNING 2026-07-05 19:40:19,368 adapters 379912 276740 [PATCHED] Multiple SocialApp entries found for google. Using fallback logic.
INFO 2026-07-05 19:40:19,369 adapters 379912 276740 [PATCHED] Using SocialApp 2 for provider google
WARNING 2026-07-05 19:40:19,399 adapters 379912 276740 [PATCHED] Multiple SocialApp entries found for google. Using fallback logic.
ERROR 2026-07-05 19:40:19,399 adapters 379912 276740 [PATCHED] Error in fallback: 'SiteManager' object has no attribute 'get_default'
Traceback (most recent call last):
  File "C:\Users\Altyn\Documents\GitHub\Simulator backend\-\classes-main\accounts\adapters.py", line 80, in _patched_get_app
    return _original_get_app(self, request, provider)
  File "C:\Users\Altyn\Documents\GitHub\Simulator backend\-\.venv\Lib\site-packages\allauth\socialaccount\adapter.py", line 301, in get_app
    raise MultipleObjectsReturned
django.core.exceptions.MultipleObjectsReturned

During handling of the above exception, another exception occurred:

Traceback (most recent call last):
  File "C:\Users\Altyn\Documents\GitHub\Simulator backend\-\classes-main\accounts\adapters.py", line 90, in _patched_get_app
    current_site = Site.objects.get_default()
                   ^^^^^^^^^^^^^^^^^^^^^^^^
AttributeError: 'SiteManager' object has no attribute 'get_default'
WARNING 2026-07-05 19:40:19,419 adapters 379912 276740 [CustomAdapter] Multiple SocialApp entries found for google. Using fallback logic.
INFO 2026-07-05 19:40:19,420 adapters 379912 276740 [CustomAdapter] Using SocialApp 1 for provider google
WARNING 2026-07-05 19:40:19,486 adapters 379912 276740 [PATCHED] Multiple SocialApp entries found for google. Using fallback logic.
INFO 2026-07-05 19:40:19,487 adapters 379912 276740 [PATCHED] Using SocialApp 1 for provider google
WARNING 2026-07-05 19:40:19,487 adapters 379912 276740 [PATCHED] Multiple SocialApp entries found for google. Using fallback logic.
INFO 2026-07-05 19:40:19,487 adapters 379912 276740 [PATCHED] Using SocialApp 1 for provider google
WARNING 2026-07-05 19:40:19,587 adapters 379912 276740 [PATCHED] Multiple SocialApp entries found for google. Using fallback logic.
INFO 2026-07-05 19:40:19,588 adapters 379912 276740 [PATCHED] Using SocialApp 1 for provider google
WARNING 2026-07-05 19:40:19,591 adapters 379912 276740 [PATCHED] Multiple SocialApp entries found for google. Using fallback logic.
INFO 2026-07-05 19:40:19,592 adapters 379912 276740 [PATCHED] Using SocialApp 2 for provider google
WARNING 2026-07-05 19:40:19,602 adapters 379912 276740 [PATCHED] Multiple SocialApp entries found for google. Using fallback logic.
INFO 2026-07-05 19:40:19,602 adapters 379912 276740 [PATCHED] Using SocialApp 2 for provider google
WARNING 2026-07-05 19:40:19,610 adapters 379912 276740 [PATCHED] Multiple SocialApp entries found for google. Using fallback logic.
INFO 2026-07-05 19:40:19,610 adapters 379912 276740 [PATCHED] Using SocialApp 2 for provider google
WARNING 2026-07-05 19:40:19,613 adapters 379912 276740 [PATCHED] Multiple SocialApp entries found for google. Using fallback logic.
INFO 2026-07-05 19:40:19,614 adapters 379912 276740 [PATCHED] Using SocialApp 1 for provider google
WARNING 2026-07-05 19:40:19,617 adapters 379912 276740 [PATCHED] Multiple SocialApp entries found for google. Using fallback logic.
INFO 2026-07-05 19:40:19,618 adapters 379912 276740 [PATCHED] Using SocialApp 1 for provider google
WARNING 2026-07-05 19:40:19,620 adapters 379912 276740 [PATCHED] Multiple SocialApp entries found for google. Using fallback logic.
ERROR 2026-07-05 19:40:19,620 adapters 379912 276740 [PATCHED] Error in fallback: 'SiteManager' object has no attribute 'get_default'
Traceback (most recent call last):
  File "C:\Users\Altyn\Documents\GitHub\Simulator backend\-\classes-main\accounts\adapters.py", line 80, in _patched_get_app
    return _original_get_app(self, request, provider)
  File "C:\Users\Altyn\Documents\GitHub\Simulator backend\-\.venv\Lib\site-packages\allauth\socialaccount\adapter.py", line 301, in get_app
    raise MultipleObjectsReturned
django.core.exceptions.MultipleObjectsReturned

During handling of the above exception, another exception occurred:

Traceback (most recent call last):
  File "C:\Users\Altyn\Documents\GitHub\Simulator backend\-\classes-main\accounts\adapters.py", line 90, in _patched_get_app
    current_site = Site.objects.get_default()
                   ^^^^^^^^^^^^^^^^^^^^^^^^
AttributeError: 'SiteManager' object has no attribute 'get_default'
WARNING 2026-07-05 19:40:19,621 adapters 379912 276740 [CustomAdapter] Multiple SocialApp entries found for google. Using fallback logic.
INFO 2026-07-05 19:40:19,622 adapters 379912 276740 [CustomAdapter] Using SocialApp 1 for provider google
WARNING 2026-07-05 19:40:19,628 adapters 379912 276740 [PATCHED] Multiple SocialApp entries found for google. Using fallback logic.
INFO 2026-07-05 19:40:19,629 adapters 379912 276740 [PATCHED] Using SocialApp 1 for provider google
WARNING 2026-07-05 19:40:19,632 adapters 379912 276740 [PATCHED] Multiple SocialApp entries found for google. Using fallback logic.
INFO 2026-07-05 19:40:19,633 adapters 379912 276740 [PATCHED] Using SocialApp 2 for provider google
WARNING 2026-07-05 19:40:19,636 adapters 379912 276740 [PATCHED] Multiple SocialApp entries found for google. Using fallback logic.
INFO 2026-07-05 19:40:19,637 adapters 379912 276740 [PATCHED] Using SocialApp 1 for provider google
WARNING 2026-07-05 19:40:19,639 adapters 379912 276740 [PATCHED] Multiple SocialApp entries found for google. Using fallback logic.
INFO 2026-07-05 19:40:19,640 adapters 379912 276740 [PATCHED] Using SocialApp 1 for provider google
WARNING 2026-07-05 19:40:19,643 adapters 379912 276740 [PATCHED] Multiple SocialApp entries found for google. Using fallback logic.
INFO 2026-07-05 19:40:19,644 adapters 379912 276740 [PATCHED] Using SocialApp 1 for provider google
WARNING 2026-07-05 19:40:19,647 adapters 379912 276740 [PATCHED] Multiple SocialApp entries found for google. Using fallback logic.
INFO 2026-07-05 19:40:19,650 adapters 379912 276740 [PATCHED] Using SocialApp 1 for provider google
WARNING 2026-07-05 19:40:19,651 adapters 379912 276740 [PATCHED] Multiple SocialApp entries found for google. Using fallback logic.
INFO 2026-07-05 19:40:19,651 adapters 379912 276740 [PATCHED] Using SocialApp 1 for provider google
WARNING 2026-07-05 19:40:19,652 adapters 379912 276740 [PATCHED] Multiple SocialApp entries found for google. Using fallback logic.
INFO 2026-07-05 19:40:19,652 adapters 379912 276740 [PATCHED] Using SocialApp 1 for provider google
WARNING 2026-07-05 19:40:19,656 adapters 379912 276740 [PATCHED] Multiple SocialApp entries found for google. Using fallback logic.
INFO 2026-07-05 19:40:19,657 adapters 379912 276740 [PATCHED] Using SocialApp 1 for provider google
WARNING 2026-07-05 19:40:19,674 adapters 379912 276740 [PATCHED] Multiple SocialApp entries found for google. Using fallback logic.
INFO 2026-07-05 19:40:19,675 adapters 379912 276740 [PATCHED] Using SocialApp 1 for provider google
INFO 2026-07-05 19:40:20,040 views 379912 276740 Skip welcome email task dispatch in local/test mode.
INFO 2026-07-05 19:40:20,040 views 379912 276740 Skip welcome email task dispatch in local/test mode.
INFO 2026-07-05 19:40:46,832 adapters 405180 397968 Applied monkey patch to DefaultSocialAccountAdapter.get_app
INFO 2026-07-05 19:40:46,832 adapters 405180 397968 Replaced SocialApp.objects with SafeSocialAppManager
INFO 2026-07-05 19:40:46,832 adapters 405180 397968 [ORM Patch] Applied patch to QuerySet.get()
WARNING 2026-07-05 19:40:46,896 posthog 405180 397968 PostHog not installed - analytics will be disabled
INFO 2026-07-05 19:40:47,822 service 405180 397968 [PAYMENT] Created | Order: 1 | User: 1 | Provider: bereke | Amount: 10000 KZT
WARNING 2026-07-05 19:40:47,923 log 405180 397968 Bad Request: /api/payments/create/
WARNING 2026-07-05 19:40:47,923 log 405180 397968 Bad Request: /api/payments/create/
ERROR 2026-07-05 19:40:48,271 views 405180 397968 Error getting order status: No Order matches the given query.
WARNING 2026-07-05 19:40:48,271 log 405180 397968 Not Found: /api/payments/orders/1/
WARNING 2026-07-05 19:40:48,271 log 405180 397968 Not Found: /api/payments/orders/1/
INFO 2026-07-05 19:40:48,444 signals 405180 397968 [SIGNAL] Payment completed, sending receipt email for transaction 1
INFO 2026-07-05 19:40:48,444 emails 405180 397968 [EMAIL] Sending payment receipt to test@example.com for order 1
INFO 2026-07-05 19:40:48,581 signals 405180 397968 [SIGNAL] Payment completed, sending receipt email for transaction 1
INFO 2026-07-05 19:40:48,582 emails 405180 397968 [EMAIL] Sending payment receipt to test@example.com for order 1
WARNING 2026-07-05 19:40:48,589 log 405180 397968 Forbidden: /api/payments/transactions/TXN-004/refund
WARNING 2026-07-05 19:40:48,589 log 405180 397968 Forbidden: /api/payments/transactions/TXN-004/refund
WARNING 2026-07-05 19:40:48,679 bereke 405180 397968 BEREKE_API_KEY not configured - using mock mode
WARNING 2026-07-05 19:40:48,679 bereke 405180 397968 BEREKE_API_SECRET not configured - skipping signature validation
ERROR 2026-07-05 19:40:48,680 views 405180 397968 Invalid JSON in Bereke webhook
WARNING 2026-07-05 19:40:48,772 bereke 405180 397968 BEREKE_API_KEY not configured - using mock mode
WARNING 2026-07-05 19:40:48,773 bereke 405180 397968 BEREKE_API_SECRET not configured - skipping signature validation
ERROR 2026-07-05 19:40:48,773 views 405180 397968 Transaction not found in webhook: TXN-999
WARNING 2026-07-05 19:40:48,870 paypal 405180 397968 PayPal credentials not configured - using mock mode
WARNING 2026-07-05 19:40:48,871 paypal 405180 397968 PAYPAL_WEBHOOK_ID not configured - skipping signature validation
INFO 2026-07-05 19:40:48,872 signals 405180 397968 [SIGNAL] Payment completed, sending receipt email for transaction 1
INFO 2026-07-05 19:40:48,872 emails 405180 397968 [EMAIL] Sending payment receipt to test@example.com for order 1
INFO 2026-07-05 19:40:48,881 views 405180 397968 [WEBHOOK] PayPal order completed: PAYPAL-ORDER-001
INFO 2026-07-05 19:40:49,357 signals 405180 397968 [SIGNAL] Payment failed, sending error notification for transaction 1
INFO 2026-07-05 19:40:49,357 emails 405180 397968 [EMAIL] Sending error notification to test@example.com for order 1
INFO 2026-07-05 19:40:49,447 signals 405180 397968 [SIGNAL] Payment failed, sending error notification for transaction 1
INFO 2026-07-05 19:40:49,448 emails 405180 397968 [EMAIL] Sending error notification to test@example.com for order 1
INFO 2026-07-05 19:40:49,540 signals 405180 397968 [SIGNAL] Payment failed, sending error notification for transaction 1
INFO 2026-07-05 19:40:49,540 emails 405180 397968 [EMAIL] Sending error notification to test@example.com for order 1
INFO 2026-07-05 19:40:50,188 signals 405180 397968 [SIGNAL] Payment completed, sending receipt email for transaction 1
INFO 2026-07-05 19:40:50,189 emails 405180 397968 [EMAIL] Sending payment receipt to test@example.com for order 1
INFO 2026-07-05 19:40:50,287 signals 405180 397968 [SIGNAL] Payment completed, sending receipt email for transaction 1
INFO 2026-07-05 19:40:50,288 emails 405180 397968 [EMAIL] Sending payment receipt to test@example.com for order 1
INFO 2026-07-05 19:40:50,383 signals 405180 397968 [SIGNAL] Payment completed, sending receipt email for transaction 1
INFO 2026-07-05 19:40:50,383 emails 405180 397968 [EMAIL] Sending payment receipt to test@example.com for order 1
INFO 2026-07-05 19:40:50,666 signals 405180 397968 [SIGNAL] Payment failed, sending error notification for transaction 1
INFO 2026-07-05 19:40:50,666 emails 405180 397968 [EMAIL] Sending error notification to test@example.com for order 1
INFO 2026-07-05 19:40:50,670 signals 405180 397968 [SIGNAL] Payment completed, sending receipt email for transaction 2
INFO 2026-07-05 19:40:50,670 emails 405180 397968 [EMAIL] Sending payment receipt to test@example.com for order 1
INFO 2026-07-05 19:40:50,717 signals 405180 397968 [SIGNAL] Payment failed, sending error notification for transaction 1
INFO 2026-07-05 19:40:50,717 emails 405180 397968 [EMAIL] Sending error notification to test@example.com for order 1
INFO 2026-07-05 19:40:50,791 views 405180 397968 Skip welcome email task dispatch in local/test mode.
INFO 2026-07-05 19:40:50,791 views 405180 397968 Skip welcome email task dispatch in local/test mode.
INFO 2026-07-05 19:40:50,840 views 405180 397968 Skip welcome email task dispatch in local/test mode.
INFO 2026-07-05 19:40:50,840 views 405180 397968 Skip welcome email task dispatch in local/test mode.
WARNING 2026-07-05 19:40:50,855 embed_video_tags 405180 397968 Backend wasn't recognised (``)
WARNING 2026-07-05 19:40:51,417 log 405180 397968 Too Many Requests: /login/
WARNING 2026-07-05 19:40:51,417 log 405180 397968 Too Many Requests: /login/
WARNING 2026-07-05 19:40:51,427 log 405180 397968 Not Found: /accounts/accounts/google/login/
WARNING 2026-07-05 19:40:51,427 log 405180 397968 Not Found: /accounts/accounts/google/login/
WARNING 2026-07-05 19:40:51,910 views 405180 397968 Доступ запрещен: oauth_test_user
WARNING 2026-07-05 19:40:51,910 views 405180 397968 Доступ запрещен: oauth_test_user
WARNING 2026-07-05 19:40:51,910 log 405180 397968 Forbidden (Permission denied): /accounts/job/create/
Traceback (most recent call last):
  File "C:\Users\Altyn\Documents\GitHub\Simulator backend\-\.venv\Lib\site-packages\django\core\handlers\exception.py", line 55, in inner
    response = get_response(request)
  File "C:\Users\Altyn\Documents\GitHub\Simulator backend\-\.venv\Lib\site-packages\django\core\handlers\base.py", line 197, in _get_response
    response = wrapped_callback(request, *callback_args, **callback_kwargs)
  File "C:\Users\Altyn\Documents\GitHub\Simulator backend\-\.venv\Lib\site-packages\django\contrib\auth\decorators.py", line 59, in _view_wrapper
    return view_func(request, *args, **kwargs)
  File "C:\Users\Altyn\Documents\GitHub\Simulator backend\-\classes-main\accounts\views.py", line 37, in _wrapped_view
    raise PermissionDenied
django.core.exceptions.PermissionDenied
WARNING 2026-07-05 19:40:51,910 log 405180 397968 Forbidden (Permission denied): /accounts/job/create/
Traceback (most recent call last):
  File "C:\Users\Altyn\Documents\GitHub\Simulator backend\-\.venv\Lib\site-packages\django\core\handlers\exception.py", line 55, in inner
    response = get_response(request)
  File "C:\Users\Altyn\Documents\GitHub\Simulator backend\-\.venv\Lib\site-packages\django\core\handlers\base.py", line 197, in _get_response
    response = wrapped_callback(request, *callback_args, **callback_kwargs)
  File "C:\Users\Altyn\Documents\GitHub\Simulator backend\-\.venv\Lib\site-packages\django\contrib\auth\decorators.py", line 59, in _view_wrapper
    return view_func(request, *args, **kwargs)
  File "C:\Users\Altyn\Documents\GitHub\Simulator backend\-\classes-main\accounts\views.py", line 37, in _wrapped_view
    raise PermissionDenied
django.core.exceptions.PermissionDenied
INFO 2026-07-05 19:40:52,902 views 405180 397968 Skip welcome email task dispatch in local/test mode.
INFO 2026-07-05 19:40:52,902 views 405180 397968 Skip welcome email task dispatch in local/test mode.
WARNING 2026-07-05 19:40:53,257 bereke 405180 397968 BEREKE_API_KEY not configured - using mock mode
INFO 2026-07-05 19:40:53,257 bereke 405180 397968 [BEREKE] Mock payment request | Order: ORD-001 | Amount: 10000 KZT
WARNING 2026-07-05 19:40:53,259 bereke 405180 397968 BEREKE_API_KEY not configured - using mock mode
WARNING 2026-07-05 19:40:53,260 bereke 405180 397968 BEREKE_API_KEY not configured - using mock mode
WARNING 2026-07-05 19:40:53,261 bereke 405180 397968 BEREKE_API_KEY not configured - using mock mode
WARNING 2026-07-05 19:40:53,261 bereke 405180 397968 BEREKE_API_SECRET not configured - skipping signature validation
WARNING 2026-07-05 19:40:53,263 paypal 405180 397968 PayPal credentials not configured - using mock mode
INFO 2026-07-05 19:40:53,264 paypal 405180 397968 [PAYPAL] Creating payment | Order: ORD-002 | Amount: 100.0 KZT | Sandbox: True
WARNING 2026-07-05 19:40:53,268 paypal 405180 397968 PayPal credentials not configured - using mock mode
INFO 2026-07-05 19:40:53,314 service 405180 397968 [PAYMENT] Created | Order: 1 | User: 1 | Provider: bereke | Amount: 10000 KZT
INFO 2026-07-05 19:40:53,360 service 405180 397968 [PAYMENT] Created | Order: 1 | User: 1 | Provider: bereke | Amount: 10000 KZT
INFO 2026-07-05 19:40:53,361 service 405180 397968 [PAYMENT] Duplicate detected | User: 1 | Idempotency: 1476ebc5d5e1c6ff8e7cfb01bc8458c2df94121777aca4856c4cd052da249e7c
WARNING 2026-07-05 19:40:53,503 adapters 405180 397968 [PATCHED] Multiple SocialApp entries found for google. Using fallback logic.
INFO 2026-07-05 19:40:53,504 adapters 405180 397968 [PATCHED] Using SocialApp 1 for provider google
WARNING 2026-07-05 19:40:53,508 adapters 405180 397968 [PATCHED] Multiple SocialApp entries found for google. Using fallback logic.
INFO 2026-07-05 19:40:53,509 adapters 405180 397968 [PATCHED] Using SocialApp 2 for provider google
WARNING 2026-07-05 19:40:53,541 adapters 405180 397968 [PATCHED] Multiple SocialApp entries found for google. Using fallback logic.
ERROR 2026-07-05 19:40:53,541 adapters 405180 397968 [PATCHED] Error in fallback: 'SiteManager' object has no attribute 'get_default'
Traceback (most recent call last):
  File "C:\Users\Altyn\Documents\GitHub\Simulator backend\-\classes-main\accounts\adapters.py", line 80, in _patched_get_app
    return _original_get_app(self, request, provider)
  File "C:\Users\Altyn\Documents\GitHub\Simulator backend\-\.venv\Lib\site-packages\allauth\socialaccount\adapter.py", line 301, in get_app
    raise MultipleObjectsReturned
django.core.exceptions.MultipleObjectsReturned

During handling of the above exception, another exception occurred:

Traceback (most recent call last):
  File "C:\Users\Altyn\Documents\GitHub\Simulator backend\-\classes-main\accounts\adapters.py", line 90, in _patched_get_app
    current_site = Site.objects.get_default()
                   ^^^^^^^^^^^^^^^^^^^^^^^^
AttributeError: 'SiteManager' object has no attribute 'get_default'
WARNING 2026-07-05 19:40:53,543 adapters 405180 397968 [CustomAdapter] Multiple SocialApp entries found for google. Using fallback logic.
INFO 2026-07-05 19:40:53,543 adapters 405180 397968 [CustomAdapter] Using SocialApp 1 for provider google
WARNING 2026-07-05 19:40:53,608 adapters 405180 397968 [PATCHED] Multiple SocialApp entries found for google. Using fallback logic.
INFO 2026-07-05 19:40:53,608 adapters 405180 397968 [PATCHED] Using SocialApp 1 for provider google
WARNING 2026-07-05 19:40:53,609 adapters 405180 397968 [PATCHED] Multiple SocialApp entries found for google. Using fallback logic.
INFO 2026-07-05 19:40:53,609 adapters 405180 397968 [PATCHED] Using SocialApp 1 for provider google
WARNING 2026-07-05 19:40:53,707 adapters 405180 397968 [PATCHED] Multiple SocialApp entries found for google. Using fallback logic.
INFO 2026-07-05 19:40:53,708 adapters 405180 397968 [PATCHED] Using SocialApp 1 for provider google
WARNING 2026-07-05 19:40:53,711 adapters 405180 397968 [PATCHED] Multiple SocialApp entries found for google. Using fallback logic.
INFO 2026-07-05 19:40:53,712 adapters 405180 397968 [PATCHED] Using SocialApp 2 for provider google
WARNING 2026-07-05 19:40:53,721 adapters 405180 397968 [PATCHED] Multiple SocialApp entries found for google. Using fallback logic.
INFO 2026-07-05 19:40:53,721 adapters 405180 397968 [PATCHED] Using SocialApp 2 for provider google
WARNING 2026-07-05 19:40:53,730 adapters 405180 397968 [PATCHED] Multiple SocialApp entries found for google. Using fallback logic.
INFO 2026-07-05 19:40:53,731 adapters 405180 397968 [PATCHED] Using SocialApp 2 for provider google
WARNING 2026-07-05 19:40:53,734 adapters 405180 397968 [PATCHED] Multiple SocialApp entries found for google. Using fallback logic.
INFO 2026-07-05 19:40:53,734 adapters 405180 397968 [PATCHED] Using SocialApp 1 for provider google
WARNING 2026-07-05 19:40:53,737 adapters 405180 397968 [PATCHED] Multiple SocialApp entries found for google. Using fallback logic.
INFO 2026-07-05 19:40:53,738 adapters 405180 397968 [PATCHED] Using SocialApp 1 for provider google
WARNING 2026-07-05 19:40:53,741 adapters 405180 397968 [PATCHED] Multiple SocialApp entries found for google. Using fallback logic.
ERROR 2026-07-05 19:40:53,741 adapters 405180 397968 [PATCHED] Error in fallback: 'SiteManager' object has no attribute 'get_default'
Traceback (most recent call last):
  File "C:\Users\Altyn\Documents\GitHub\Simulator backend\-\classes-main\accounts\adapters.py", line 80, in _patched_get_app
    return _original_get_app(self, request, provider)
  File "C:\Users\Altyn\Documents\GitHub\Simulator backend\-\.venv\Lib\site-packages\allauth\socialaccount\adapter.py", line 301, in get_app
    raise MultipleObjectsReturned
django.core.exceptions.MultipleObjectsReturned

During handling of the above exception, another exception occurred:

Traceback (most recent call last):
  File "C:\Users\Altyn\Documents\GitHub\Simulator backend\-\classes-main\accounts\adapters.py", line 90, in _patched_get_app
    current_site = Site.objects.get_default()
                   ^^^^^^^^^^^^^^^^^^^^^^^^
AttributeError: 'SiteManager' object has no attribute 'get_default'
WARNING 2026-07-05 19:40:53,742 adapters 405180 397968 [CustomAdapter] Multiple SocialApp entries found for google. Using fallback logic.
INFO 2026-07-05 19:40:53,743 adapters 405180 397968 [CustomAdapter] Using SocialApp 1 for provider google
WARNING 2026-07-05 19:40:53,752 adapters 405180 397968 [PATCHED] Multiple SocialApp entries found for google. Using fallback logic.
INFO 2026-07-05 19:40:53,753 adapters 405180 397968 [PATCHED] Using SocialApp 1 for provider google
WARNING 2026-07-05 19:40:53,758 adapters 405180 397968 [PATCHED] Multiple SocialApp entries found for google. Using fallback logic.
INFO 2026-07-05 19:40:53,759 adapters 405180 397968 [PATCHED] Using SocialApp 2 for provider google
WARNING 2026-07-05 19:40:53,762 adapters 405180 397968 [PATCHED] Multiple SocialApp entries found for google. Using fallback logic.
INFO 2026-07-05 19:40:53,763 adapters 405180 397968 [PATCHED] Using SocialApp 1 for provider google
WARNING 2026-07-05 19:40:53,766 adapters 405180 397968 [PATCHED] Multiple SocialApp entries found for google. Using fallback logic.
INFO 2026-07-05 19:40:53,766 adapters 405180 397968 [PATCHED] Using SocialApp 1 for provider google
WARNING 2026-07-05 19:40:53,769 adapters 405180 397968 [PATCHED] Multiple SocialApp entries found for google. Using fallback logic.
INFO 2026-07-05 19:40:53,770 adapters 405180 397968 [PATCHED] Using SocialApp 1 for provider google
WARNING 2026-07-05 19:40:53,773 adapters 405180 397968 [PATCHED] Multiple SocialApp entries found for google. Using fallback logic.
INFO 2026-07-05 19:40:53,773 adapters 405180 397968 [PATCHED] Using SocialApp 1 for provider google
WARNING 2026-07-05 19:40:53,774 adapters 405180 397968 [PATCHED] Multiple SocialApp entries found for google. Using fallback logic.
INFO 2026-07-05 19:40:53,774 adapters 405180 397968 [PATCHED] Using SocialApp 1 for provider google
WARNING 2026-07-05 19:40:53,775 adapters 405180 397968 [PATCHED] Multiple SocialApp entries found for google. Using fallback logic.
INFO 2026-07-05 19:40:53,775 adapters 405180 397968 [PATCHED] Using SocialApp 1 for provider google
WARNING 2026-07-05 19:40:53,778 adapters 405180 397968 [PATCHED] Multiple SocialApp entries found for google. Using fallback logic.
INFO 2026-07-05 19:40:53,778 adapters 405180 397968 [PATCHED] Using SocialApp 1 for provider google
WARNING 2026-07-05 19:40:53,793 adapters 405180 397968 [PATCHED] Multiple SocialApp entries found for google. Using fallback logic.
INFO 2026-07-05 19:40:53,794 adapters 405180 397968 [PATCHED] Using SocialApp 1 for provider google
INFO 2026-07-05 19:40:53,915 views 405180 397968 Skip welcome email task dispatch in local/test mode.
INFO 2026-07-05 19:40:53,915 views 405180 397968 Skip welcome email task dispatch in local/test mode.
INFO 2026-07-05 19:45:33,446 adapters 408628 256572 Applied monkey patch to DefaultSocialAccountAdapter.get_app
INFO 2026-07-05 19:45:33,447 adapters 408628 256572 Replaced SocialApp.objects with SafeSocialAppManager
INFO 2026-07-05 19:45:33,447 adapters 408628 256572 [ORM Patch] Applied patch to QuerySet.get()
WARNING 2026-07-05 19:45:33,511 posthog 408628 256572 PostHog not installed - analytics will be disabled
INFO 2026-07-05 19:45:34,469 service 408628 256572 [PAYMENT] Created | Order: 1 | User: 1 | Provider: bereke | Amount: 10000 KZT
WARNING 2026-07-05 19:45:34,562 log 408628 256572 Bad Request: /api/payments/create/
WARNING 2026-07-05 19:45:34,562 log 408628 256572 Bad Request: /api/payments/create/
ERROR 2026-07-05 19:45:34,892 views 408628 256572 Error getting order status: No Order matches the given query.
WARNING 2026-07-05 19:45:34,893 log 408628 256572 Not Found: /api/payments/orders/1/
WARNING 2026-07-05 19:45:34,893 log 408628 256572 Not Found: /api/payments/orders/1/
INFO 2026-07-05 19:45:35,069 signals 408628 256572 [SIGNAL] Payment completed, sending receipt email for transaction 1
INFO 2026-07-05 19:45:35,069 emails 408628 256572 [EMAIL] Sending payment receipt to test@example.com for order 1
INFO 2026-07-05 19:45:35,192 signals 408628 256572 [SIGNAL] Payment completed, sending receipt email for transaction 1
INFO 2026-07-05 19:45:35,192 emails 408628 256572 [EMAIL] Sending payment receipt to test@example.com for order 1
WARNING 2026-07-05 19:45:35,198 log 408628 256572 Forbidden: /api/payments/transactions/TXN-004/refund
WARNING 2026-07-05 19:45:35,198 log 408628 256572 Forbidden: /api/payments/transactions/TXN-004/refund
WARNING 2026-07-05 19:45:35,282 bereke 408628 256572 BEREKE_API_KEY not configured - using mock mode
WARNING 2026-07-05 19:45:35,283 bereke 408628 256572 BEREKE_API_SECRET not configured - skipping signature validation
ERROR 2026-07-05 19:45:35,283 views 408628 256572 Invalid JSON in Bereke webhook
WARNING 2026-07-05 19:45:35,369 bereke 408628 256572 BEREKE_API_KEY not configured - using mock mode
WARNING 2026-07-05 19:45:35,370 bereke 408628 256572 BEREKE_API_SECRET not configured - skipping signature validation
ERROR 2026-07-05 19:45:35,370 views 408628 256572 Transaction not found in webhook: TXN-999
WARNING 2026-07-05 19:45:35,461 paypal 408628 256572 PayPal credentials not configured - using mock mode
WARNING 2026-07-05 19:45:35,462 paypal 408628 256572 PAYPAL_WEBHOOK_ID not configured - skipping signature validation
INFO 2026-07-05 19:45:35,463 signals 408628 256572 [SIGNAL] Payment completed, sending receipt email for transaction 1
INFO 2026-07-05 19:45:35,463 emails 408628 256572 [EMAIL] Sending payment receipt to test@example.com for order 1
INFO 2026-07-05 19:45:35,470 views 408628 256572 [WEBHOOK] PayPal order completed: PAYPAL-ORDER-001
INFO 2026-07-05 19:45:35,922 signals 408628 256572 [SIGNAL] Payment failed, sending error notification for transaction 1
INFO 2026-07-05 19:45:35,923 emails 408628 256572 [EMAIL] Sending error notification to test@example.com for order 1
INFO 2026-07-05 19:45:36,016 signals 408628 256572 [SIGNAL] Payment failed, sending error notification for transaction 1
INFO 2026-07-05 19:45:36,016 emails 408628 256572 [EMAIL] Sending error notification to test@example.com for order 1
INFO 2026-07-05 19:45:36,106 signals 408628 256572 [SIGNAL] Payment failed, sending error notification for transaction 1
INFO 2026-07-05 19:45:36,106 emails 408628 256572 [EMAIL] Sending error notification to test@example.com for order 1
INFO 2026-07-05 19:45:36,730 signals 408628 256572 [SIGNAL] Payment completed, sending receipt email for transaction 1
INFO 2026-07-05 19:45:36,730 emails 408628 256572 [EMAIL] Sending payment receipt to test@example.com for order 1
INFO 2026-07-05 19:45:36,826 signals 408628 256572 [SIGNAL] Payment completed, sending receipt email for transaction 1
INFO 2026-07-05 19:45:36,826 emails 408628 256572 [EMAIL] Sending payment receipt to test@example.com for order 1
INFO 2026-07-05 19:45:36,923 signals 408628 256572 [SIGNAL] Payment completed, sending receipt email for transaction 1
INFO 2026-07-05 19:45:36,923 emails 408628 256572 [EMAIL] Sending payment receipt to test@example.com for order 1
INFO 2026-07-05 19:45:37,204 signals 408628 256572 [SIGNAL] Payment failed, sending error notification for transaction 1
INFO 2026-07-05 19:45:37,204 emails 408628 256572 [EMAIL] Sending error notification to test@example.com for order 1
INFO 2026-07-05 19:45:37,208 signals 408628 256572 [SIGNAL] Payment completed, sending receipt email for transaction 2
INFO 2026-07-05 19:45:37,208 emails 408628 256572 [EMAIL] Sending payment receipt to test@example.com for order 1
INFO 2026-07-05 19:45:37,260 signals 408628 256572 [SIGNAL] Payment failed, sending error notification for transaction 1
INFO 2026-07-05 19:45:37,260 emails 408628 256572 [EMAIL] Sending error notification to test@example.com for order 1
INFO 2026-07-05 19:45:37,338 views 408628 256572 Skip welcome email task dispatch in local/test mode.
INFO 2026-07-05 19:45:37,338 views 408628 256572 Skip welcome email task dispatch in local/test mode.
INFO 2026-07-05 19:45:37,391 views 408628 256572 Skip welcome email task dispatch in local/test mode.
INFO 2026-07-05 19:45:37,391 views 408628 256572 Skip welcome email task dispatch in local/test mode.
WARNING 2026-07-05 19:45:37,407 embed_video_tags 408628 256572 Backend wasn't recognised (``)
WARNING 2026-07-05 19:45:37,971 log 408628 256572 Too Many Requests: /login/
WARNING 2026-07-05 19:45:37,971 log 408628 256572 Too Many Requests: /login/
WARNING 2026-07-05 19:45:37,978 log 408628 256572 Not Found: /accounts/accounts/google/login/
WARNING 2026-07-05 19:45:37,978 log 408628 256572 Not Found: /accounts/accounts/google/login/
WARNING 2026-07-05 19:45:38,416 views 408628 256572 Доступ запрещен: oauth_test_user
WARNING 2026-07-05 19:45:38,416 views 408628 256572 Доступ запрещен: oauth_test_user
WARNING 2026-07-05 19:45:38,416 log 408628 256572 Forbidden (Permission denied): /accounts/job/create/
Traceback (most recent call last):
  File "C:\Users\Altyn\Documents\GitHub\Simulator backend\-\.venv\Lib\site-packages\django\core\handlers\exception.py", line 55, in inner
    response = get_response(request)
  File "C:\Users\Altyn\Documents\GitHub\Simulator backend\-\.venv\Lib\site-packages\django\core\handlers\base.py", line 197, in _get_response
    response = wrapped_callback(request, *callback_args, **callback_kwargs)
  File "C:\Users\Altyn\Documents\GitHub\Simulator backend\-\.venv\Lib\site-packages\django\contrib\auth\decorators.py", line 59, in _view_wrapper
    return view_func(request, *args, **kwargs)
  File "C:\Users\Altyn\Documents\GitHub\Simulator backend\-\classes-main\accounts\views.py", line 37, in _wrapped_view
    raise PermissionDenied
django.core.exceptions.PermissionDenied
WARNING 2026-07-05 19:45:38,416 log 408628 256572 Forbidden (Permission denied): /accounts/job/create/
Traceback (most recent call last):
  File "C:\Users\Altyn\Documents\GitHub\Simulator backend\-\.venv\Lib\site-packages\django\core\handlers\exception.py", line 55, in inner
    response = get_response(request)
  File "C:\Users\Altyn\Documents\GitHub\Simulator backend\-\.venv\Lib\site-packages\django\core\handlers\base.py", line 197, in _get_response
    response = wrapped_callback(request, *callback_args, **callback_kwargs)
  File "C:\Users\Altyn\Documents\GitHub\Simulator backend\-\.venv\Lib\site-packages\django\contrib\auth\decorators.py", line 59, in _view_wrapper
    return view_func(request, *args, **kwargs)
  File "C:\Users\Altyn\Documents\GitHub\Simulator backend\-\classes-main\accounts\views.py", line 37, in _wrapped_view
    raise PermissionDenied
django.core.exceptions.PermissionDenied
INFO 2026-07-05 19:45:40,276 views 408628 256572 Skip welcome email task dispatch in local/test mode.
INFO 2026-07-05 19:45:40,276 views 408628 256572 Skip welcome email task dispatch in local/test mode.
WARNING 2026-07-05 19:45:40,627 bereke 408628 256572 BEREKE_API_KEY not configured - using mock mode
INFO 2026-07-05 19:45:40,627 bereke 408628 256572 [BEREKE] Mock payment request | Order: ORD-001 | Amount: 10000 KZT
WARNING 2026-07-05 19:45:40,629 bereke 408628 256572 BEREKE_API_KEY not configured - using mock mode
WARNING 2026-07-05 19:45:40,631 bereke 408628 256572 BEREKE_API_KEY not configured - using mock mode
WARNING 2026-07-05 19:45:40,632 bereke 408628 256572 BEREKE_API_KEY not configured - using mock mode
WARNING 2026-07-05 19:45:40,632 bereke 408628 256572 BEREKE_API_SECRET not configured - skipping signature validation
WARNING 2026-07-05 19:45:40,634 paypal 408628 256572 PayPal credentials not configured - using mock mode
INFO 2026-07-05 19:45:40,634 paypal 408628 256572 [PAYPAL] Creating payment | Order: ORD-002 | Amount: 100.0 KZT | Sandbox: True
WARNING 2026-07-05 19:45:40,639 paypal 408628 256572 PayPal credentials not configured - using mock mode
INFO 2026-07-05 19:45:40,686 service 408628 256572 [PAYMENT] Created | Order: 1 | User: 1 | Provider: bereke | Amount: 10000 KZT
INFO 2026-07-05 19:45:40,734 service 408628 256572 [PAYMENT] Created | Order: 1 | User: 1 | Provider: bereke | Amount: 10000 KZT
INFO 2026-07-05 19:45:40,734 service 408628 256572 [PAYMENT] Duplicate detected | User: 1 | Idempotency: 1476ebc5d5e1c6ff8e7cfb01bc8458c2df94121777aca4856c4cd052da249e7c
WARNING 2026-07-05 19:45:40,884 adapters 408628 256572 [PATCHED] Multiple SocialApp entries found for google. Using fallback logic.
INFO 2026-07-05 19:45:40,885 adapters 408628 256572 [PATCHED] Using SocialApp 1 for provider google
WARNING 2026-07-05 19:45:40,889 adapters 408628 256572 [PATCHED] Multiple SocialApp entries found for google. Using fallback logic.
INFO 2026-07-05 19:45:40,890 adapters 408628 256572 [PATCHED] Using SocialApp 2 for provider google
WARNING 2026-07-05 19:45:40,924 adapters 408628 256572 [PATCHED] Multiple SocialApp entries found for google. Using fallback logic.
ERROR 2026-07-05 19:45:40,924 adapters 408628 256572 [PATCHED] Error in fallback: 'SiteManager' object has no attribute 'get_default'
Traceback (most recent call last):
  File "C:\Users\Altyn\Documents\GitHub\Simulator backend\-\classes-main\accounts\adapters.py", line 80, in _patched_get_app
    return _original_get_app(self, request, provider)
  File "C:\Users\Altyn\Documents\GitHub\Simulator backend\-\.venv\Lib\site-packages\allauth\socialaccount\adapter.py", line 301, in get_app
    raise MultipleObjectsReturned
django.core.exceptions.MultipleObjectsReturned

During handling of the above exception, another exception occurred:

Traceback (most recent call last):
  File "C:\Users\Altyn\Documents\GitHub\Simulator backend\-\classes-main\accounts\adapters.py", line 90, in _patched_get_app
    current_site = Site.objects.get_default()
                   ^^^^^^^^^^^^^^^^^^^^^^^^
AttributeError: 'SiteManager' object has no attribute 'get_default'
WARNING 2026-07-05 19:45:40,926 adapters 408628 256572 [CustomAdapter] Multiple SocialApp entries found for google. Using fallback logic.
INFO 2026-07-05 19:45:40,926 adapters 408628 256572 [CustomAdapter] Using SocialApp 1 for provider google
WARNING 2026-07-05 19:45:40,989 adapters 408628 256572 [PATCHED] Multiple SocialApp entries found for google. Using fallback logic.
INFO 2026-07-05 19:45:40,989 adapters 408628 256572 [PATCHED] Using SocialApp 1 for provider google
WARNING 2026-07-05 19:45:40,990 adapters 408628 256572 [PATCHED] Multiple SocialApp entries found for google. Using fallback logic.
INFO 2026-07-05 19:45:40,990 adapters 408628 256572 [PATCHED] Using SocialApp 1 for provider google
WARNING 2026-07-05 19:45:41,083 adapters 408628 256572 [PATCHED] Multiple SocialApp entries found for google. Using fallback logic.
INFO 2026-07-05 19:45:41,084 adapters 408628 256572 [PATCHED] Using SocialApp 1 for provider google
WARNING 2026-07-05 19:45:41,088 adapters 408628 256572 [PATCHED] Multiple SocialApp entries found for google. Using fallback logic.
INFO 2026-07-05 19:45:41,088 adapters 408628 256572 [PATCHED] Using SocialApp 2 for provider google
WARNING 2026-07-05 19:45:41,097 adapters 408628 256572 [PATCHED] Multiple SocialApp entries found for google. Using fallback logic.
INFO 2026-07-05 19:45:41,097 adapters 408628 256572 [PATCHED] Using SocialApp 2 for provider google
WARNING 2026-07-05 19:45:41,105 adapters 408628 256572 [PATCHED] Multiple SocialApp entries found for google. Using fallback logic.
INFO 2026-07-05 19:45:41,105 adapters 408628 256572 [PATCHED] Using SocialApp 2 for provider google
WARNING 2026-07-05 19:45:41,108 adapters 408628 256572 [PATCHED] Multiple SocialApp entries found for google. Using fallback logic.
INFO 2026-07-05 19:45:41,108 adapters 408628 256572 [PATCHED] Using SocialApp 1 for provider google
WARNING 2026-07-05 19:45:41,112 adapters 408628 256572 [PATCHED] Multiple SocialApp entries found for google. Using fallback logic.
INFO 2026-07-05 19:45:41,112 adapters 408628 256572 [PATCHED] Using SocialApp 1 for provider google
WARNING 2026-07-05 19:45:41,115 adapters 408628 256572 [PATCHED] Multiple SocialApp entries found for google. Using fallback logic.
ERROR 2026-07-05 19:45:41,115 adapters 408628 256572 [PATCHED] Error in fallback: 'SiteManager' object has no attribute 'get_default'
Traceback (most recent call last):
  File "C:\Users\Altyn\Documents\GitHub\Simulator backend\-\classes-main\accounts\adapters.py", line 80, in _patched_get_app
    return _original_get_app(self, request, provider)
  File "C:\Users\Altyn\Documents\GitHub\Simulator backend\-\.venv\Lib\site-packages\allauth\socialaccount\adapter.py", line 301, in get_app
    raise MultipleObjectsReturned
django.core.exceptions.MultipleObjectsReturned

During handling of the above exception, another exception occurred:

Traceback (most recent call last):
  File "C:\Users\Altyn\Documents\GitHub\Simulator backend\-\classes-main\accounts\adapters.py", line 90, in _patched_get_app
    current_site = Site.objects.get_default()
                   ^^^^^^^^^^^^^^^^^^^^^^^^
AttributeError: 'SiteManager' object has no attribute 'get_default'
WARNING 2026-07-05 19:45:41,119 adapters 408628 256572 [CustomAdapter] Multiple SocialApp entries found for google. Using fallback logic.
INFO 2026-07-05 19:45:41,121 adapters 408628 256572 [CustomAdapter] Using SocialApp 1 for provider google
WARNING 2026-07-05 19:45:41,134 adapters 408628 256572 [PATCHED] Multiple SocialApp entries found for google. Using fallback logic.
INFO 2026-07-05 19:45:41,135 adapters 408628 256572 [PATCHED] Using SocialApp 1 for provider google
WARNING 2026-07-05 19:45:41,142 adapters 408628 256572 [PATCHED] Multiple SocialApp entries found for google. Using fallback logic.
INFO 2026-07-05 19:45:41,143 adapters 408628 256572 [PATCHED] Using SocialApp 2 for provider google
WARNING 2026-07-05 19:45:41,148 adapters 408628 256572 [PATCHED] Multiple SocialApp entries found for google. Using fallback logic.
INFO 2026-07-05 19:45:41,149 adapters 408628 256572 [PATCHED] Using SocialApp 1 for provider google
WARNING 2026-07-05 19:45:41,153 adapters 408628 256572 [PATCHED] Multiple SocialApp entries found for google. Using fallback logic.
INFO 2026-07-05 19:45:41,154 adapters 408628 256572 [PATCHED] Using SocialApp 1 for provider google
WARNING 2026-07-05 19:45:41,158 adapters 408628 256572 [PATCHED] Multiple SocialApp entries found for google. Using fallback logic.
INFO 2026-07-05 19:45:41,158 adapters 408628 256572 [PATCHED] Using SocialApp 1 for provider google
WARNING 2026-07-05 19:45:41,162 adapters 408628 256572 [PATCHED] Multiple SocialApp entries found for google. Using fallback logic.
INFO 2026-07-05 19:45:41,162 adapters 408628 256572 [PATCHED] Using SocialApp 1 for provider google
WARNING 2026-07-05 19:45:41,163 adapters 408628 256572 [PATCHED] Multiple SocialApp entries found for google. Using fallback logic.
INFO 2026-07-05 19:45:41,163 adapters 408628 256572 [PATCHED] Using SocialApp 1 for provider google
WARNING 2026-07-05 19:45:41,164 adapters 408628 256572 [PATCHED] Multiple SocialApp entries found for google. Using fallback logic.
INFO 2026-07-05 19:45:41,164 adapters 408628 256572 [PATCHED] Using SocialApp 1 for provider google
WARNING 2026-07-05 19:45:41,168 adapters 408628 256572 [PATCHED] Multiple SocialApp entries found for google. Using fallback logic.
INFO 2026-07-05 19:45:41,169 adapters 408628 256572 [PATCHED] Using SocialApp 1 for provider google
WARNING 2026-07-05 19:45:41,189 adapters 408628 256572 [PATCHED] Multiple SocialApp entries found for google. Using fallback logic.
INFO 2026-07-05 19:45:41,189 adapters 408628 256572 [PATCHED] Using SocialApp 1 for provider google
INFO 2026-07-05 19:45:41,316 views 408628 256572 Skip welcome email task dispatch in local/test mode.
INFO 2026-07-05 19:45:41,316 views 408628 256572 Skip welcome email task dispatch in local/test mode.
INFO 2026-07-05 19:46:16,314 adapters 410800 394740 Applied monkey patch to DefaultSocialAccountAdapter.get_app
INFO 2026-07-05 19:46:16,314 adapters 410800 394740 Replaced SocialApp.objects with SafeSocialAppManager
INFO 2026-07-05 19:46:16,314 adapters 410800 394740 [ORM Patch] Applied patch to QuerySet.get()
WARNING 2026-07-05 19:46:16,428 posthog 410800 394740 PostHog not installed - analytics will be disabled
INFO 2026-07-05 19:46:18,074 service 410800 394740 [PAYMENT] Created | Order: 1 | User: 1 | Provider: bereke | Amount: 10000 KZT
WARNING 2026-07-05 19:46:18,166 log 410800 394740 Bad Request: /api/payments/create/
WARNING 2026-07-05 19:46:18,166 log 410800 394740 Bad Request: /api/payments/create/
ERROR 2026-07-05 19:46:18,512 views 410800 394740 Error getting order status: No Order matches the given query.
WARNING 2026-07-05 19:46:18,512 log 410800 394740 Not Found: /api/payments/orders/1/
WARNING 2026-07-05 19:46:18,512 log 410800 394740 Not Found: /api/payments/orders/1/
INFO 2026-07-05 19:46:18,708 signals 410800 394740 [SIGNAL] Payment completed, sending receipt email for transaction 1
INFO 2026-07-05 19:46:18,708 emails 410800 394740 [EMAIL] Sending payment receipt to test@example.com for order 1
INFO 2026-07-05 19:46:18,842 signals 410800 394740 [SIGNAL] Payment completed, sending receipt email for transaction 1
INFO 2026-07-05 19:46:18,842 emails 410800 394740 [EMAIL] Sending payment receipt to test@example.com for order 1
WARNING 2026-07-05 19:46:18,848 log 410800 394740 Forbidden: /api/payments/transactions/TXN-004/refund
WARNING 2026-07-05 19:46:18,848 log 410800 394740 Forbidden: /api/payments/transactions/TXN-004/refund
WARNING 2026-07-05 19:46:18,948 bereke 410800 394740 BEREKE_API_KEY not configured - using mock mode
WARNING 2026-07-05 19:46:18,949 bereke 410800 394740 BEREKE_API_SECRET not configured - skipping signature validation
ERROR 2026-07-05 19:46:18,949 views 410800 394740 Invalid JSON in Bereke webhook
WARNING 2026-07-05 19:46:19,051 bereke 410800 394740 BEREKE_API_KEY not configured - using mock mode
WARNING 2026-07-05 19:46:19,051 bereke 410800 394740 BEREKE_API_SECRET not configured - skipping signature validation
ERROR 2026-07-05 19:46:19,052 views 410800 394740 Transaction not found in webhook: TXN-999
WARNING 2026-07-05 19:46:19,162 paypal 410800 394740 PayPal credentials not configured - using mock mode
WARNING 2026-07-05 19:46:19,162 paypal 410800 394740 PAYPAL_WEBHOOK_ID not configured - skipping signature validation
INFO 2026-07-05 19:46:19,163 signals 410800 394740 [SIGNAL] Payment completed, sending receipt email for transaction 1
INFO 2026-07-05 19:46:19,164 emails 410800 394740 [EMAIL] Sending payment receipt to test@example.com for order 1
INFO 2026-07-05 19:46:19,174 views 410800 394740 [WEBHOOK] PayPal order completed: PAYPAL-ORDER-001
INFO 2026-07-05 19:46:19,663 signals 410800 394740 [SIGNAL] Payment failed, sending error notification for transaction 1
INFO 2026-07-05 19:46:19,663 emails 410800 394740 [EMAIL] Sending error notification to test@example.com for order 1
INFO 2026-07-05 19:46:19,764 signals 410800 394740 [SIGNAL] Payment failed, sending error notification for transaction 1
INFO 2026-07-05 19:46:19,764 emails 410800 394740 [EMAIL] Sending error notification to test@example.com for order 1
INFO 2026-07-05 19:46:19,868 signals 410800 394740 [SIGNAL] Payment failed, sending error notification for transaction 1
INFO 2026-07-05 19:46:19,868 emails 410800 394740 [EMAIL] Sending error notification to test@example.com for order 1
INFO 2026-07-05 19:46:20,568 signals 410800 394740 [SIGNAL] Payment completed, sending receipt email for transaction 1
INFO 2026-07-05 19:46:20,569 emails 410800 394740 [EMAIL] Sending payment receipt to test@example.com for order 1
INFO 2026-07-05 19:46:20,674 signals 410800 394740 [SIGNAL] Payment completed, sending receipt email for transaction 1
INFO 2026-07-05 19:46:20,674 emails 410800 394740 [EMAIL] Sending payment receipt to test@example.com for order 1
INFO 2026-07-05 19:46:20,777 signals 410800 394740 [SIGNAL] Payment completed, sending receipt email for transaction 1
INFO 2026-07-05 19:46:20,777 emails 410800 394740 [EMAIL] Sending payment receipt to test@example.com for order 1
INFO 2026-07-05 19:46:21,080 signals 410800 394740 [SIGNAL] Payment failed, sending error notification for transaction 1
INFO 2026-07-05 19:46:21,081 emails 410800 394740 [EMAIL] Sending error notification to test@example.com for order 1
INFO 2026-07-05 19:46:21,084 signals 410800 394740 [SIGNAL] Payment completed, sending receipt email for transaction 2
INFO 2026-07-05 19:46:21,084 emails 410800 394740 [EMAIL] Sending payment receipt to test@example.com for order 1
INFO 2026-07-05 19:46:21,138 signals 410800 394740 [SIGNAL] Payment failed, sending error notification for transaction 1
INFO 2026-07-05 19:46:21,138 emails 410800 394740 [EMAIL] Sending error notification to test@example.com for order 1
INFO 2026-07-05 19:46:21,221 views 410800 394740 Skip welcome email task dispatch in local/test mode.
INFO 2026-07-05 19:46:21,221 views 410800 394740 Skip welcome email task dispatch in local/test mode.
INFO 2026-07-05 19:46:21,281 views 410800 394740 Skip welcome email task dispatch in local/test mode.
INFO 2026-07-05 19:46:21,281 views 410800 394740 Skip welcome email task dispatch in local/test mode.
WARNING 2026-07-05 19:46:21,298 embed_video_tags 410800 394740 Backend wasn't recognised (``)
WARNING 2026-07-05 19:46:21,965 log 410800 394740 Too Many Requests: /login/
WARNING 2026-07-05 19:46:21,965 log 410800 394740 Too Many Requests: /login/
WARNING 2026-07-05 19:46:21,971 log 410800 394740 Not Found: /accounts/accounts/google/login/
WARNING 2026-07-05 19:46:21,971 log 410800 394740 Not Found: /accounts/accounts/google/login/
WARNING 2026-07-05 19:46:22,466 views 410800 394740 Доступ запрещен: oauth_test_user
WARNING 2026-07-05 19:46:22,466 views 410800 394740 Доступ запрещен: oauth_test_user
WARNING 2026-07-05 19:46:22,467 log 410800 394740 Forbidden (Permission denied): /accounts/job/create/
Traceback (most recent call last):
  File "C:\Users\Altyn\Documents\GitHub\Simulator backend\-\.venv\Lib\site-packages\django\core\handlers\exception.py", line 55, in inner
    response = get_response(request)
  File "C:\Users\Altyn\Documents\GitHub\Simulator backend\-\.venv\Lib\site-packages\django\core\handlers\base.py", line 197, in _get_response
    response = wrapped_callback(request, *callback_args, **callback_kwargs)
  File "C:\Users\Altyn\Documents\GitHub\Simulator backend\-\.venv\Lib\site-packages\django\contrib\auth\decorators.py", line 59, in _view_wrapper
    return view_func(request, *args, **kwargs)
  File "C:\Users\Altyn\Documents\GitHub\Simulator backend\-\classes-main\accounts\views.py", line 37, in _wrapped_view
    raise PermissionDenied
django.core.exceptions.PermissionDenied
WARNING 2026-07-05 19:46:22,467 log 410800 394740 Forbidden (Permission denied): /accounts/job/create/
Traceback (most recent call last):
  File "C:\Users\Altyn\Documents\GitHub\Simulator backend\-\.venv\Lib\site-packages\django\core\handlers\exception.py", line 55, in inner
    response = get_response(request)
  File "C:\Users\Altyn\Documents\GitHub\Simulator backend\-\.venv\Lib\site-packages\django\core\handlers\base.py", line 197, in _get_response
    response = wrapped_callback(request, *callback_args, **callback_kwargs)
  File "C:\Users\Altyn\Documents\GitHub\Simulator backend\-\.venv\Lib\site-packages\django\contrib\auth\decorators.py", line 59, in _view_wrapper
    return view_func(request, *args, **kwargs)
  File "C:\Users\Altyn\Documents\GitHub\Simulator backend\-\classes-main\accounts\views.py", line 37, in _wrapped_view
    raise PermissionDenied
django.core.exceptions.PermissionDenied
INFO 2026-07-05 19:46:23,466 views 410800 394740 Skip welcome email task dispatch in local/test mode.
INFO 2026-07-05 19:46:23,466 views 410800 394740 Skip welcome email task dispatch in local/test mode.
WARNING 2026-07-05 19:46:23,832 bereke 410800 394740 BEREKE_API_KEY not configured - using mock mode
INFO 2026-07-05 19:46:23,832 bereke 410800 394740 [BEREKE] Mock payment request | Order: ORD-001 | Amount: 10000 KZT
WARNING 2026-07-05 19:46:23,833 bereke 410800 394740 BEREKE_API_KEY not configured - using mock mode
WARNING 2026-07-05 19:46:23,835 bereke 410800 394740 BEREKE_API_KEY not configured - using mock mode
WARNING 2026-07-05 19:46:23,835 bereke 410800 394740 BEREKE_API_KEY not configured - using mock mode
WARNING 2026-07-05 19:46:23,835 bereke 410800 394740 BEREKE_API_SECRET not configured - skipping signature validation
WARNING 2026-07-05 19:46:23,838 paypal 410800 394740 PayPal credentials not configured - using mock mode
INFO 2026-07-05 19:46:23,839 paypal 410800 394740 [PAYPAL] Creating payment | Order: ORD-002 | Amount: 100.0 KZT | Sandbox: True
WARNING 2026-07-05 19:46:23,844 paypal 410800 394740 PayPal credentials not configured - using mock mode
INFO 2026-07-05 19:46:23,895 service 410800 394740 [PAYMENT] Created | Order: 1 | User: 1 | Provider: bereke | Amount: 10000 KZT
INFO 2026-07-05 19:46:23,948 service 410800 394740 [PAYMENT] Created | Order: 1 | User: 1 | Provider: bereke | Amount: 10000 KZT
INFO 2026-07-05 19:46:23,948 service 410800 394740 [PAYMENT] Duplicate detected | User: 1 | Idempotency: 1476ebc5d5e1c6ff8e7cfb01bc8458c2df94121777aca4856c4cd052da249e7c
WARNING 2026-07-05 19:46:24,112 adapters 410800 394740 [PATCHED] Multiple SocialApp entries found for google. Using fallback logic.
INFO 2026-07-05 19:46:24,112 adapters 410800 394740 [PATCHED] Using SocialApp 1 for provider google
WARNING 2026-07-05 19:46:24,116 adapters 410800 394740 [PATCHED] Multiple SocialApp entries found for google. Using fallback logic.
INFO 2026-07-05 19:46:24,116 adapters 410800 394740 [PATCHED] Using SocialApp 2 for provider google
WARNING 2026-07-05 19:46:24,150 adapters 410800 394740 [PATCHED] Multiple SocialApp entries found for google. Using fallback logic.
ERROR 2026-07-05 19:46:24,150 adapters 410800 394740 [PATCHED] Error in fallback: 'SiteManager' object has no attribute 'get_default'
Traceback (most recent call last):
  File "C:\Users\Altyn\Documents\GitHub\Simulator backend\-\classes-main\accounts\adapters.py", line 80, in _patched_get_app
    return _original_get_app(self, request, provider)
  File "C:\Users\Altyn\Documents\GitHub\Simulator backend\-\.venv\Lib\site-packages\allauth\socialaccount\adapter.py", line 301, in get_app
    raise MultipleObjectsReturned
django.core.exceptions.MultipleObjectsReturned

During handling of the above exception, another exception occurred:

Traceback (most recent call last):
  File "C:\Users\Altyn\Documents\GitHub\Simulator backend\-\classes-main\accounts\adapters.py", line 90, in _patched_get_app
    current_site = Site.objects.get_default()
                   ^^^^^^^^^^^^^^^^^^^^^^^^
AttributeError: 'SiteManager' object has no attribute 'get_default'
WARNING 2026-07-05 19:46:24,152 adapters 410800 394740 [CustomAdapter] Multiple SocialApp entries found for google. Using fallback logic.
INFO 2026-07-05 19:46:24,153 adapters 410800 394740 [CustomAdapter] Using SocialApp 1 for provider google
WARNING 2026-07-05 19:46:24,224 adapters 410800 394740 [PATCHED] Multiple SocialApp entries found for google. Using fallback logic.
INFO 2026-07-05 19:46:24,224 adapters 410800 394740 [PATCHED] Using SocialApp 1 for provider google
WARNING 2026-07-05 19:46:24,225 adapters 410800 394740 [PATCHED] Multiple SocialApp entries found for google. Using fallback logic.
INFO 2026-07-05 19:46:24,225 adapters 410800 394740 [PATCHED] Using SocialApp 1 for provider google
WARNING 2026-07-05 19:46:24,345 adapters 410800 394740 [PATCHED] Multiple SocialApp entries found for google. Using fallback logic.
INFO 2026-07-05 19:46:24,346 adapters 410800 394740 [PATCHED] Using SocialApp 1 for provider google
WARNING 2026-07-05 19:46:24,350 adapters 410800 394740 [PATCHED] Multiple SocialApp entries found for google. Using fallback logic.
INFO 2026-07-05 19:46:24,351 adapters 410800 394740 [PATCHED] Using SocialApp 2 for provider google
WARNING 2026-07-05 19:46:24,365 adapters 410800 394740 [PATCHED] Multiple SocialApp entries found for google. Using fallback logic.
INFO 2026-07-05 19:46:24,365 adapters 410800 394740 [PATCHED] Using SocialApp 2 for provider google
WARNING 2026-07-05 19:46:24,375 adapters 410800 394740 [PATCHED] Multiple SocialApp entries found for google. Using fallback logic.
INFO 2026-07-05 19:46:24,376 adapters 410800 394740 [PATCHED] Using SocialApp 2 for provider google
WARNING 2026-07-05 19:46:24,379 adapters 410800 394740 [PATCHED] Multiple SocialApp entries found for google. Using fallback logic.
INFO 2026-07-05 19:46:24,380 adapters 410800 394740 [PATCHED] Using SocialApp 1 for provider google
WARNING 2026-07-05 19:46:24,384 adapters 410800 394740 [PATCHED] Multiple SocialApp entries found for google. Using fallback logic.
INFO 2026-07-05 19:46:24,385 adapters 410800 394740 [PATCHED] Using SocialApp 1 for provider google
WARNING 2026-07-05 19:46:24,387 adapters 410800 394740 [PATCHED] Multiple SocialApp entries found for google. Using fallback logic.
ERROR 2026-07-05 19:46:24,388 adapters 410800 394740 [PATCHED] Error in fallback: 'SiteManager' object has no attribute 'get_default'
Traceback (most recent call last):
  File "C:\Users\Altyn\Documents\GitHub\Simulator backend\-\classes-main\accounts\adapters.py", line 80, in _patched_get_app
    return _original_get_app(self, request, provider)
  File "C:\Users\Altyn\Documents\GitHub\Simulator backend\-\.venv\Lib\site-packages\allauth\socialaccount\adapter.py", line 301, in get_app
    raise MultipleObjectsReturned
django.core.exceptions.MultipleObjectsReturned

During handling of the above exception, another exception occurred:

Traceback (most recent call last):
  File "C:\Users\Altyn\Documents\GitHub\Simulator backend\-\classes-main\accounts\adapters.py", line 90, in _patched_get_app
    current_site = Site.objects.get_default()
                   ^^^^^^^^^^^^^^^^^^^^^^^^
AttributeError: 'SiteManager' object has no attribute 'get_default'
WARNING 2026-07-05 19:46:24,389 adapters 410800 394740 [CustomAdapter] Multiple SocialApp entries found for google. Using fallback logic.
INFO 2026-07-05 19:46:24,390 adapters 410800 394740 [CustomAdapter] Using SocialApp 1 for provider google
WARNING 2026-07-05 19:46:24,399 adapters 410800 394740 [PATCHED] Multiple SocialApp entries found for google. Using fallback logic.
INFO 2026-07-05 19:46:24,400 adapters 410800 394740 [PATCHED] Using SocialApp 1 for provider google
WARNING 2026-07-05 19:46:24,404 adapters 410800 394740 [PATCHED] Multiple SocialApp entries found for google. Using fallback logic.
INFO 2026-07-05 19:46:24,404 adapters 410800 394740 [PATCHED] Using SocialApp 2 for provider google
WARNING 2026-07-05 19:46:24,408 adapters 410800 394740 [PATCHED] Multiple SocialApp entries found for google. Using fallback logic.
INFO 2026-07-05 19:46:24,409 adapters 410800 394740 [PATCHED] Using SocialApp 1 for provider google
WARNING 2026-07-05 19:46:24,412 adapters 410800 394740 [PATCHED] Multiple SocialApp entries found for google. Using fallback logic.
INFO 2026-07-05 19:46:24,413 adapters 410800 394740 [PATCHED] Using SocialApp 1 for provider google
WARNING 2026-07-05 19:46:24,416 adapters 410800 394740 [PATCHED] Multiple SocialApp entries found for google. Using fallback logic.
INFO 2026-07-05 19:46:24,416 adapters 410800 394740 [PATCHED] Using SocialApp 1 for provider google
WARNING 2026-07-05 19:46:24,419 adapters 410800 394740 [PATCHED] Multiple SocialApp entries found for google. Using fallback logic.
INFO 2026-07-05 19:46:24,419 adapters 410800 394740 [PATCHED] Using SocialApp 1 for provider google
WARNING 2026-07-05 19:46:24,420 adapters 410800 394740 [PATCHED] Multiple SocialApp entries found for google. Using fallback logic.
INFO 2026-07-05 19:46:24,420 adapters 410800 394740 [PATCHED] Using SocialApp 1 for provider google
WARNING 2026-07-05 19:46:24,421 adapters 410800 394740 [PATCHED] Multiple SocialApp entries found for google. Using fallback logic.
INFO 2026-07-05 19:46:24,421 adapters 410800 394740 [PATCHED] Using SocialApp 1 for provider google
WARNING 2026-07-05 19:46:24,425 adapters 410800 394740 [PATCHED] Multiple SocialApp entries found for google. Using fallback logic.
INFO 2026-07-05 19:46:24,425 adapters 410800 394740 [PATCHED] Using SocialApp 1 for provider google
WARNING 2026-07-05 19:46:24,440 adapters 410800 394740 [PATCHED] Multiple SocialApp entries found for google. Using fallback logic.
INFO 2026-07-05 19:46:24,441 adapters 410800 394740 [PATCHED] Using SocialApp 1 for provider google
INFO 2026-07-05 19:46:24,595 views 410800 394740 Skip welcome email task dispatch in local/test mode.
INFO 2026-07-05 19:46:24,595 views 410800 394740 Skip welcome email task dispatch in local/test mode.
